[START] task=loan_underwriting env=openenv-fintech model=Qwen2.5-72B-Instruct
[STEP] step=1 action={} reward=0.00 done=true error=Server error '500 Internal Server Error' for url 'https://achueditz-finbench.hf.space/step' For more information check: https://developer.mozilla.org/en-US/docs/Web/HTTP/Status/500
[END] success=false steps=0 score=0.000 rewards=
